---
source: execution-plan/src/tests.rs
expression: mem.debug_table(None)
---
┌──────┬──────────┬──────────────────────────────────────┐
│ addr │ val_type │ value                                │
├──────┼──────────┼──────────────────────────────────────┤
│ 0    │ Uuid     │ 240f48e1-1730-4e98-b0a9-dc5f76d3582d │
│ 1    │ String   │ Plane                                │
│ 2    │ Uuid     │ 2076b001-8e7e-41ad-8790-adfec77616ab │
│ 3    │ String   │ XY                                   │
│ 4    │ Float    │ 0                                    │
│ 5    │ Float    │ 0                                    │
│ 6    │ Float    │ 0                                    │
│ 7    │ Float    │ 1                                    │
│ 8    │ Float    │ 0                                    │
│ 9    │ Float    │ 0                                    │
│ 10   │ Float    │ 0                                    │
│ 11   │ Float    │ 1                                    │
│ 12   │ Float    │ 0                                    │
│ 13   │ Float    │ 0                                    │
│ 14   │ Float    │ 0                                    │
│ 15   │ Float    │ 1                                    │
│ 16   │ Float    │ 0                                    │
│ 17   │ Float    │ 0                                    │
│ 18   │ Float    │ 0                                    │
│ 19   │ Float    │ 0                                    │
│ 20   │ Float    │ 0                                    │
│ 21   │ Float    │ 0                                    │
│ 22   │ Float    │ 1                                    │
│ 23   │ Float    │ 1                                    │
│ 24   │ Float    │ 0                                    │
│ 25   │ Float    │ 0                                    │
│ 26   │ Float    │ 0                                    │
│ 27   │ Float    │ 1                                    │
│ 28   │ Float    │ 0                                    │
│ 29   │ Float    │ 0                                    │
│ 30   │ Float    │ 0                                    │
│ 31   │ Float    │ 1                                    │
│ 32   │ String   │ None                                 │
│ 33   │ Float    │ 0                                    │
│ 34   │ Float    │ 0                                    │
│ 35   │ Float    │ 20                                   │
│ 36   │ Float    │ 30                                   │
│ 37   │ String   │ first                                │
│ 38   │ Uint     │ 2                                    │
│ 39   │ String   │ ToPoint                              │
│ 40   │ Float    │ 20                                   │
│ 41   │ Float    │ 30                                   │
│ 42   │ Float    │ 20                                   │
│ 43   │ Float    │ 0                                    │
│ 44   │ String   │ second                               │
│ 45   │ String   │ ToPoint                              │
│ 46   │ Float    │ 20                                   │
│ 47   │ Float    │ 0                                    │
│ 48   │ Float    │ 0                                    │
│ 49   │ Float    │ 0                                    │
│ 50   │ String   │ third                                │
└──────┴──────────┴──────────────────────────────────────┘
